\BOOKMARK [1][-]{section.1}{\376\377\000P\000r\000o\000b\000a\000b\000i\000l\000i\000s\000t\000i\000c\000\040\000A\000n\000a\000l\000y\000s\000i\000s\000\040\000o\000f\000\040\000G\000r\000a\000p\000h\000\040\000W\000a\000t\000e\000r\000m\000a\000r\000k\000i\000n\000g}{}% 1
\BOOKMARK [2][-]{subsection.1.1}{\376\377\000S\000e\000c\000t\000i\000o\000n\000\040\0000\000\040\040\024\000\040\000E\000n\000v\000i\000r\000o\000n\000m\000e\000n\000t\000\040\000S\000e\000t\000u\000p}{section.1}% 2
\BOOKMARK [2][-]{subsection.1.2}{\376\377\000S\000e\000c\000t\000i\000o\000n\000\040\0001\000\040\040\024\000\040\000P\000r\000o\000b\000l\000e\000m\000\040\000D\000e\000s\000c\000r\000i\000p\000t\000i\000o\000n\000\040\000\046\000\040\000D\000a\000t\000a\000s\000e\000t}{section.1}% 3
\BOOKMARK [3][-]{subsubsection.1.2.1}{\376\377\0001\000.\0001\000\040\000B\000a\000c\000k\000g\000r\000o\000u\000n\000d\000:\000\040\000G\000r\000a\000p\000h\000\040\000W\000a\000t\000e\000r\000m\000a\000r\000k\000i\000n\000g}{subsection.1.2}% 4
\BOOKMARK [3][-]{subsubsection.1.2.2}{\376\377\0001\000.\0002\000\040\000D\000a\000t\000a\000s\000e\000t\000:\000\040\000o\000g\000b\000n\000-\000a\000r\000x\000i\000v\000\040\000B\000a\000l\000a\000n\000c\000e\000d\000\040\000S\000u\000b\000g\000r\000a\000p\000h}{subsection.1.2}% 5
\BOOKMARK [3][-]{subsubsection.1.2.3}{\376\377\0001\000.\0003\000\040\000W\000a\000t\000e\000r\000m\000a\000r\000k\000e\000d\000\040\000N\000o\000d\000e\000\040\000P\000r\000o\000p\000e\000r\000t\000i\000e\000s}{subsection.1.2}% 6
\BOOKMARK [3][-]{subsubsection.1.2.4}{\376\377\0001\000.\0004\000\040\000S\000u\000m\000m\000a\000r\000y}{subsection.1.2}% 7
\BOOKMARK [2][-]{subsection.1.3}{\376\377\000S\000e\000c\000t\000i\000o\000n\000\040\0002\000\040\040\024\000\040\000E\000x\000p\000l\000o\000r\000a\000t\000o\000r\000y\000\040\000D\000a\000t\000a\000\040\000A\000n\000a\000l\000y\000s\000i\000s}{section.1}% 8
\BOOKMARK [3][-]{subsubsection.1.3.1}{\376\377\0002\000.\0001\000\040\000F\000e\000a\000t\000u\000r\000e\000\040\000S\000t\000a\000t\000i\000s\000t\000i\000c\000s}{subsection.1.3}% 9
\BOOKMARK [3][-]{subsubsection.1.3.2}{\376\377\0002\000.\0002\000\040\000F\000e\000a\000t\000u\000r\000e\000\040\000D\000i\000s\000t\000r\000i\000b\000u\000t\000i\000o\000n\000\040\000\046\000\040\000P\000e\000r\000t\000u\000r\000b\000a\000t\000i\000o\000n\000\040\000P\000r\000o\000f\000i\000l\000e}{subsection.1.3}% 10
\BOOKMARK [3][-]{subsubsection.1.3.3}{\376\377\0002\000.\0003\000\040\000P\000C\000A\000\040\000V\000i\000s\000u\000a\000l\000i\000z\000a\000t\000i\000o\000n\000\040\000o\000f\000\040\000F\000e\000a\000t\000u\000r\000e\000\040\000S\000p\000a\000c\000e}{subsection.1.3}% 11
\BOOKMARK [3][-]{subsubsection.1.3.4}{\376\377\0002\000.\0004\000\040\000E\000D\000A\000\040\000S\000u\000m\000m\000a\000r\000y}{subsection.1.3}% 12
\BOOKMARK [2][-]{subsection.1.4}{\376\377\000S\000e\000c\000t\000i\000o\000n\000\040\0003\000\040\040\024\000\040\000P\000r\000o\000b\000a\000b\000i\000l\000i\000s\000t\000i\000c\000\040\000M\000o\000d\000e\000l\000\040\000D\000e\000s\000i\000g\000n}{section.1}% 13
\BOOKMARK [3][-]{subsubsection.1.4.1}{\376\377\0003\000.\0001\000\040\000G\000r\000a\000p\000h\000-\000S\000m\000o\000o\000t\000h\000e\000d\000\040\000F\000e\000a\000t\000u\000r\000e\000s\000\040\000\134\000t\000i\000l\000d\000e\000\173\000A\000\175\000\136\0002\000\040\000X}{subsection.1.4}% 14
\BOOKMARK [3][-]{subsubsection.1.4.2}{\376\377\0003\000.\0002\000\040\000L\000e\000v\000e\000l\000\040\0001\000\040\040\024\000\040\000V\000A\000E\000\040\000o\000n\000\040\000R\000a\000w\000\040\000F\000e\000a\000t\000u\000r\000e\000s}{subsection.1.4}% 15
\BOOKMARK [3][-]{subsubsection.1.4.3}{\376\377\0003\000.\0003\000\040\000L\000e\000v\000e\000l\000\040\0002\000\040\040\024\000\040\000G\000M\000M\000\040\000o\000n\000\040\000G\000r\000a\000p\000h\000-\000S\000m\000o\000o\000t\000h\000e\000d\000\040\000E\000m\000b\000e\000d\000d\000i\000n\000g\000s}{subsection.1.4}% 16
\BOOKMARK [3][-]{subsubsection.1.4.4}{\376\377\0003\000.\0004\000\040\000L\000e\000v\000e\000l\000\040\0003\000\040\040\024\000\040\000B\000a\000y\000e\000s\000i\000a\000n\000\040\000L\000o\000g\000i\000s\000t\000i\000c\000\040\000R\000e\000g\000r\000e\000s\000s\000i\000o\000n}{subsection.1.4}% 17
\BOOKMARK [2][-]{subsection.1.5}{\376\377\000S\000e\000c\000t\000i\000o\000n\000\040\0004\000\040\040\024\000\040\000M\000o\000d\000e\000l\000\040\000L\000e\000a\000r\000n\000i\000n\000g\000\040\000/\000\040\000I\000n\000f\000e\000r\000e\000n\000c\000e}{section.1}% 18
\BOOKMARK [3][-]{subsubsection.1.5.1}{\376\377\0004\000.\0001\000\040\000V\000A\000E\000\040\000T\000r\000a\000i\000n\000i\000n\000g\000\040\000\050\000S\000V\000I\000,\000\040\000m\000i\000n\000i\000-\000b\000a\000t\000c\000h\000\051}{subsection.1.5}% 19
\BOOKMARK [3][-]{subsubsection.1.5.2}{\376\377\0004\000.\0002\000\040\000B\000a\000y\000e\000s\000i\000a\000n\000\040\000C\000l\000a\000s\000s\000i\000f\000i\000e\000r\000\040\000T\000r\000a\000i\000n\000i\000n\000g\000\040\000\050\000S\000V\000I\000\051}{subsection.1.5}% 20
\BOOKMARK [2][-]{subsection.1.6}{\376\377\000S\000e\000c\000t\000i\000o\000n\000\040\0005\000\040\040\024\000\040\000M\000o\000d\000e\000l\000\040\000E\000v\000a\000l\000u\000a\000t\000i\000o\000n}{section.1}% 21
\BOOKMARK [3][-]{subsubsection.1.6.1}{\376\377\0005\000.\0001\000\040\000L\000e\000v\000e\000l\000\040\0001\000\040\040\024\000\040\000V\000A\000E\000:\000\040\000F\000e\000a\000t\000u\000r\000e\000-\000S\000p\000a\000c\000e\000\040\000O\000u\000t\000-\000o\000f\000-\000D\000i\000s\000t\000r\000i\000b\000u\000t\000i\000o\000n\000\040\000D\000e\000t\000e\000c\000t\000i\000o\000n}{subsection.1.6}% 22
\BOOKMARK [3][-]{subsubsection.1.6.2}{\376\377\0005\000.\0002\000\040\000L\000e\000v\000e\000l\000\040\0002\000\040\040\024\000\040\000G\000M\000M\000:\000\040\000E\000m\000b\000e\000d\000d\000i\000n\000g\000-\000S\000p\000a\000c\000e\000\040\000C\000l\000u\000s\000t\000e\000r\000\040\000A\000n\000a\000l\000y\000s\000i\000s}{subsection.1.6}% 23
\BOOKMARK [3][-]{subsubsection.1.6.3}{\376\377\0005\000.\0003\000\040\000L\000e\000v\000e\000l\000\040\0003\000\040\040\024\000\040\000B\000a\000y\000e\000s\000i\000a\000n\000\040\000C\000l\000a\000s\000s\000i\000f\000i\000e\000r\000:\000\040\000P\000r\000e\000d\000i\000c\000t\000i\000v\000e\000\040\000U\000n\000c\000e\000r\000t\000a\000i\000n\000t\000y}{subsection.1.6}% 24
\BOOKMARK [2][-]{subsection.1.7}{\376\377\000S\000e\000c\000t\000i\000o\000n\000\040\0006\000\040\040\024\000\040\000D\000i\000s\000c\000u\000s\000s\000i\000o\000n\000\040\000\046\000\040\000M\000a\000i\000n\000\040\000I\000n\000s\000i\000g\000h\000t\000s}{section.1}% 25
\BOOKMARK [3][-]{subsubsection.1.7.1}{\376\377\0006\000.\0001\000\040\000T\000h\000r\000e\000e\000-\000L\000e\000v\000e\000l\000\040\000A\000n\000a\000l\000y\000s\000i\000s\000:\000\040\000F\000i\000n\000d\000i\000n\000g\000s}{subsection.1.7}% 26
\BOOKMARK [3][-]{subsubsection.1.7.2}{\376\377\0006\000.\0002\000\040\000L\000i\000m\000i\000t\000a\000t\000i\000o\000n\000s}{subsection.1.7}% 27
\BOOKMARK [3][-]{subsubsection.1.7.3}{\376\377\0006\000.\0003\000\040\000C\000o\000n\000c\000l\000u\000s\000i\000o\000n}{subsection.1.7}% 28
